built /nix/store/x8dyhnqikgy76lx9gf2z4h6i7778m2xw-ZenTest-4.11.0.gem.drv
built /nix/store/491gwwdll3bsvdyzy1qmc7mykszp3xns-actionmailer-4.2.7.gem.drv
built /nix/store/l4c9flzm2z61ah74yrs1qph8jk0m4k19-actionpack-4.2.7.gem.drv
built /nix/store/3lb83vhx0mq8hpkpazwrw35gj9hdh3s5-actionview-4.2.7.gem.drv
built /nix/store/0rs0s2amr1jaw142krjl8fbj22wpankr-activejob-4.2.7.gem.drv
built /nix/store/gqnhw5swwrwyanw51bzf3acpah7cnmjr-activemodel-4.2.7.gem.drv
built /nix/store/0mshm3zhzv2dhjhwfygrj7xpl9dria3l-activerecord-4.2.7.gem.drv
built /nix/store/63j8rfxw0r5c9pr53gdhsiaimc7m71ls-activesupport-4.2.7.gem.drv
built /nix/store/hv3ww3g5b5vzv0s7m2yca26rk5pipkrl-analytical-3.0.12.gem.drv
built /nix/store/pjfixzq5s7g847r4kyg076wrw9gb82ij-ast-1.1.0.gem.drv
built /nix/store/b524z2h3hhk04m7czrba2jh6syy6jay1-autoprefixer-rails-3.1.2.20141016.gem.drv
built /nix/store/g3rb6n8n0h1p24v3km5dp439b8spr5y7-autoprefixer-rails-6.3.7.gem.drv
built /nix/store/fn41v2743h45x2a52i8h7s92ppqwg8lg-autotest-notification-558ceec.drv
built /nix/store/azc6p506pbfpv7hsq4zhvgm6i0b9babx-autotest-rails-4.1.2.gem.drv
built /nix/store/bn37zr44m0yhkh80wnvwfcf3n79n5b16-autotest-standalone-4.5.11.gem.drv
built /nix/store/61m8zs3f18cksc340lx69795al08nsbd-aws-partitions-1.21.0.gem.drv
built /nix/store/lkzl3zr7a4apml0hhz40mz6cn5ahl6m0-aws-sdk-1.30.1.gem.drv
built /nix/store/6afhrkyjqnakmm4nj8c4j9iknidq4h9m-aws-sdk-1.66.0.gem.drv
built /nix/store/jjw30cv14030rxw8ly5rxqpswp99s8x0-aws-sdk-core-3.5.0.gem.drv
built /nix/store/43431zinknw0zknbmw6166cyl9rwhm30-aws-sdk-marketplacemetering-1.0.0.gem.drv
built /nix/store/zf86hmzgg8mhffvz02kqkg9s6cccz6hd-aws-sdk-sqs-1.3.0.gem.drv
built /nix/store/d7ghxa7gnx14nkqpifdrqdqnsyl4dzab-aws-sdk-v1-1.66.0.gem.drv
built /nix/store/a1hcd1j8mlwlhzfc9ns9bbzfrcb8lpcg-aws-sigv4-1.0.2.gem.drv
built /nix/store/kjpmc344lda0y8sj4l2zn489y2b9wwwq-bcrypt-3.1.10.gem.drv
built /nix/store/bdisnfzcj2fbnlk71v7wycp0ihm2cr55-best_in_place-e573632.drv
built /nix/store/sjnayn635z8r19ank9x94axg725sk9m3-bootstrap-sass-3.3.0.1.gem.drv
built /nix/store/8jz13n70pia2cb2gbhirjfyl61vkh2rg-brakeman-1.9.5.gem.drv
built /nix/store/yp9w8wqbnwcmg40b9y5a6inbaw3pwqd5-capistrano-2.12.0.gem.drv
built /nix/store/g91ila3wbh5s4w3bd24zk7z2lx25g6ys-capistrano-ext-1.2.1.gem.drv
built /nix/store/sxl59iv0c6iaq8qbji80fgz3mihai9gv-capybara-2.5.0.gem.drv
built /nix/store/zsyx66n50709ncm2n7523xip80spag7z-chunky_png-1.3.3.gem.drv
built /nix/store/k2yadrnf17wk4qd72m7x91x5gc8svc1l-clockwork-1.1.0.gem.drv
built /nix/store/8icj973012xra1kr2g5yr8fwm36n33k3-codemirror-rails-4.8.gem.drv
built /nix/store/c0bj55z6lhv5lyhvw70gqixqfxawrqwf-coffee-filter-0.1.3.gem.drv
built /nix/store/38mhz6xidy3776n4m2x62rykw7ial9ld-coffee-rails-4.1.0.gem.drv
built /nix/store/jnc6m7xmpm5gf7ywjy1xy60m5609m0yq-coffee-react-2.1.0.gem.drv
built /nix/store/a4w0y7ygjh6r8bq3163r2lki4pbvd7s3-coffee-script-2.3.0.gem.drv
built /nix/store/nszzq86gpy67rz3g3iwiiri2f41y3mf7-coffee-script-source-1.8.0.gem.drv
built /nix/store/cpqr59r37hsjl5n4k5sp7cxy34yzzqpz-compass-0.12.7.gem.drv
built /nix/store/h0gfss1w2mhfnbs621kclshzybz3z3f9-date_validator-0.7.1.gem.drv
built /nix/store/2n74xf8v3r0k81bigiqkq18zk7awjixf-delayed_job-4.0.6.gem.drv
built /nix/store/016ba70z06rsqadg1aqf1byxxa8cd76z-delayed_job_active_record-4.0.3.gem.drv
built /nix/store/pn9vviy39sg94gznlz1mfvg6xv1h1fw7-detect_timezone_rails-0.0.5.gem.drv
built /nix/store/3ynkw7z0xmyb2a2sny8ifvincpklkh89-devise-3.4.1.gem.drv
built /nix/store/p9a47wiywpkwj2ywfnl1yjbqq73ybx8l-eventmachine-1.2.0.1.gem.drv
built /nix/store/6i8faijk6mg89gkmagrw2adaycpdzzzh-exception_notification-2.6.1.gem.drv
built /nix/store/g5zkqmy7fllx94ww41ik0idx7brjpwd9-execjs-1.4.1.gem.drv
built /nix/store/90g99d6k1np53s0n2d8wl6i4yrh9rbq8-factory_girl_rails-4.5.0.gem.drv
built /nix/store/gma6pd5vssicx6py48qal7m0iqkmx2sj-figaro-0.7.0.gem.drv
built /nix/store/yv1i0kcid6nrnpzs3460lscigdw7v4gs-figaro-1.1.1.gem.drv
built /nix/store/bl3ai2srnpwza7b3kdbbki7nnn0gc550-font-awesome-sass-4.2.2.gem.drv
built /nix/store/mzwlb58bwg0ws881fgvs7jinkyldsm12-fssm-0.2.10.gem.drv
built /nix/store/hhwrpknsklqd5zdjamp2rd4b2k63g930-gemfile-and-lockfile.drv
built /nix/store/yf7hyy7hngw38cvi7y0g2c6d1m9cxifw-gemfile-and-lockfile.drv
built /nix/store/s49pwmw5v2hd4fn56g0ks3pkhlhg33wh-globalid-0.3.6.gem.drv
built /nix/store/spnizd0rcbwnvshwwgwfqhrkrdm9zgwl-google-api-client-0.8.6.gem.drv
built /nix/store/8dmwkfnr3q5gg1lj578rg1fkmmri1q5a-google_drive-1.0.4.gem.drv
built /nix/store/5h6vzwjhf01mr3rnjbhc2s8szlhxws2v-googleauth-0.4.2.gem.drv
built /nix/store/axg13m0347v9npvrbcfrcxx1pdzrvqmf-haml-3.1.8.gem.drv
built /nix/store/8ns3rh8s2x02bk7m3wribb4djsqiiabq-i18n-js-2.1.2.gem.drv
built /nix/store/64ysdhc7ck5sq6r4dfh62swhy32b2wjl-ice_cube-0.11.3.gem.drv
built /nix/store/wyj7hqpa40v45a9jj1qwwvkb9xqqb831-installGemPathIntoUserGems.drv
built /nix/store/sq1dhw8ms81smz72djzm0b2il5zxyhk9-jbuilder-2.0.8.gem.drv
built /nix/store/hqqm8gdi0gw3ynp3l8ngaicjk4af5yf4-jbuilder-2.5.0.gem.drv
built /nix/store/8chsyalhzixisfdq0kfsc80vwfpih07f-jquery-cookie-rails-0.1.1.gem.drv
built /nix/store/yi79h6swzrcmgyc8j8zwlslrpx8y8z2n-jquery-datatables-rails-1.12.2.gem.drv
built /nix/store/ikgj8ck341kq9bxm44332i86dzkvkd4x-json-schema-2.5.0.gem.drv
built /nix/store/vih6xb06hydlywrpsfq68ksnfdmwqsvn-json-schema-2.5.2.gem.drv
built /nix/store/kzv6wkglj2wfzkrwpvm1gfd6h04rzz6p-json_pure-1.7.7.gem.drv
built /nix/store/smnlx9irn0q2z6w19lf5h6ishldg3xip-jwt-1.5.2.gem.drv
built /nix/store/y9lzzrc5p3xmf7nvfldm1yf8sm3sjc43-kaminari-0.16.1.gem.drv
built /nix/store/2hxignwb59rx3ymia7kyprsiv3z6w3mg-kaminari-0.16.3.gem.drv
built /nix/store/i4izykbmxyffm1fhy0c4gssdrj1hvwqx-kgio-2.9.2.gem.drv
built /nix/store/c1k8v5zs99aznai0x8gjz8b2yjzh0n22-libv8-3.16.14.15.gem.drv
built /nix/store/18f72gkbr55005kknv4rkmwycp58ijsm-memoist-0.13.0.gem.drv
built /nix/store/p5njwr6awqj9k55p8k05q3wyf31pyc7l-minitest-5.9.0.gem.drv
built /nix/store/abcfjxjn8g90vgr0f9bjhnaljdrbsl62-mono_logger-1.1.0.gem.drv
built /nix/store/xfg0c7s42jfbahax9bl0zf5kbx9z7rsq-net-scp-1.0.4.gem.drv
built /nix/store/6gvdxma907friajyfy0nrij67p8i6nq4-net-ssh-2.9.1.gem.drv
built /nix/store/kk5zgzk76iizbymdl3h3vq37n2psar7s-net-ssh-multi-1.2.0.gem.drv
built /nix/store/3a114rll53rv56mzzxxp1f591lrlpk6z-nokogiri-1.6.8.gem.drv
built /nix/store/ffbvylihi9vx0drqfdy57l123cnziaai-oauth2-1.0.0.gem.drv
built /nix/store/hwhnrd5abyayhar8p9was3mg28pkxd35-parser-2.0.0.beta5.gem.drv
built /nix/store/3sm7r3a0312i5ylrx2ifirwbw7x27pfq-poltergeist-1.7.0.gem.drv
built /nix/store/azxi9c3c0gasb0bj1wjbr0m3a4rj52g6-pry-rails-0.2.2.gem.drv
built /nix/store/d9w06xrjmbpva6y1say1vj32425s7f8h-quiet_assets-1.0.3.gem.drv
built /nix/store/7dzbassp4l3ran8jlqp2gvvdma4j8203-rails-4.2.7.gem.drv
built /nix/store/07wymch4vl6c1nw7hxb4sfh93i81wslc-railties-4.2.7.gem.drv
built /nix/store/yi2l18x9gpinq9w6588f4vi3wnxqgryk-rainbow-2.0.0.gem.drv
built /nix/store/w0fpzjmahw2q7jl0432ziw6wikvcg5ly-raindrops-0.13.0.gem.drv
built /nix/store/bvzbbrk5s1pn8ahcrppijlrzlplg5c0p-raindrops-0.16.0.gem.drv
built /nix/store/cl2wrn5vzw6s7ki7nsmz8b2rnyrbdyzq-rake-11.2.2.gem.drv
built /nix/store/y5kz216s2p4mhjdp9sc2csb5hdbhzw4x-rbhive-5175032.drv
built /nix/store/2lmg5dpdplpzmpxv9pr0kfl72zw2yc9m-rdoc-4.1.2.gem.drv
built /nix/store/hhq4bayads1sglwxb63zdf3pqss0ay3g-react-rails-0.12.2.0.gem.drv
built /nix/store/2vpm0s7j8r4bhjld945xfzs70zr48xc7-react-source-0.12.2.gem.drv
built /nix/store/gdrnv1qras8ljzqdpk30x4lfcmy55d8r-redis-3.1.0.gem.drv
built /nix/store/sjpcz98dmxyvhi52bnwiwyg09x85p7v8-redis-namespace-1.5.1.gem.drv
built /nix/store/7130q53a1a19gz28zyay6p84apa30hhj-ref-2.0.0.gem.drv
built /nix/store/sdfbbnlc1z2ijzn7myhksikf36z61w34-responders-2.1.0.gem.drv
built /nix/store/6lbzlckxrszvv1x3yydyz4kz03w8rd1w-responders-2.2.0.gem.drv
built /nix/store/yyh0147czgpaqs6ryn29nyspf9cqh3w6-resque-1.25.2.gem.drv
built /nix/store/kcjkw1hmrk2vdhpkps8adw42zqnjg390-rest-client-1.6.8.gem.drv
built /nix/store/4k2l19nzgqjz5gavd52sagr2ycx3zijh-rest-client-1.6.9.gem.drv
built /nix/store/wsxvvkp6v4gfnlgvhjzx0x0zs4fydbvk-right_aws-3.0.5.gem.drv
built /nix/store/nzn6c8l1aa7v5ck5digb9bvk2q72asrz-right_http_connection-1.5.0.gem.drv
built /nix/store/klksr2mvcmi3w413a0az5majadlvi983-rollbar-2.18.0.gem.drv
built /nix/store/z9cgmgjrn0sn2iw17jix4q2jdc56k3i2-rollbar-2.18.2.gem.drv
built /nix/store/27x3a7l538w3x7pg386nm7w1pf8jzl68-rr-1.0.5.gem.drv
built /nix/store/5v0vs2if4ig3d3l2l8nlppzjp72x1h3m-rspec-core-3.2.3.gem.drv
built /nix/store/7xyi527s805vpdj9pr3a2py40518xv34-rspec-expectations-3.2.1.gem.drv
built /nix/store/77f6qp1cxssackh7cbdq6slnxjyw54nd-rspec-mocks-3.2.1.gem.drv
built /nix/store/39c13azkdpv1c0458y9rj0735jah7fhh-rspec-rails-3.2.3.gem.drv
built /nix/store/0gssv8498vdlg1c9ixb1xg2qw262n9jy-rspec-rails-3.5.1.gem.drv
built /nix/store/rcispwyz0vj3bnwhb05gzlwvi0prgrlw-rspec-retry-0.4.4.gem.drv
built /nix/store/csw6im6cz9v714bhzylwifi7nvrjkkv3-rspec-support-3.2.2.gem.drv
built /nix/store/2y2hkfx2z6wws3bdg4cwahi8sg8bfb73-rubocop-0.8.3.gem.drv
built /nix/store/b0z2dgyg8hdx5idvqglzcblpznq7fi99-ruby-2.0.0-p648.drv
built /nix/store/6a59x9rajjgyf57606yq46xmsz3c6ynv-ruby-ole-1.2.11.7.gem.drv
built /nix/store/8w55ff745ahczrxjkp29b7qvwdjmk8il-bundler-1.16.3.drv
built /nix/store/n3wng618j7pbx10w5q072v71b6r18byh-ruby2.0.0-p648-ZenTest-4.11.0.drv
built /nix/store/i2zpchfz301lbhpdkbmgm6rdkh70rfy0-ruby2.0.0-p648-addressable-2.3.6.drv
built /nix/store/732rd680av9z69i2s90r6wr6pq153v2r-ruby2.0.0-p648-addressable-2.3.8.drv
built /nix/store/vgd4mvfa1basjgfjzky36i4bi5h8pn4y-ruby2.0.0-p648-analytical-3.0.12.drv
built /nix/store/vzlr39yqvahwnm6bkq6115v4nwkz0fp7-ruby2.0.0-p648-arel-6.0.3.drv
built /nix/store/47jpgwasq476n08p6lkkm3y3cqijr339-ruby2.0.0-p648-ast-1.1.0.drv
built /nix/store/a2ax23gpldq56gd9s6w7x2w57jkvyj8n-ruby2.0.0-p648-autotest-rails-4.1.2.drv
built /nix/store/fy1bb844kr1jk25f1m2lj0s4yppzy0l2-ruby2.0.0-p648-autotest-standalone-4.5.11.drv
built /nix/store/73a9rf9hc7xipifwn6l526jza549bl0z-ruby2.0.0-p648-aws-partitions-1.21.0.drv
built /nix/store/w9h83hcw743jq6w7g3bj3hfyq9qhwpqq-ruby2.0.0-p648-autotest-notification-2.3.4.drv
built /nix/store/az1kznjrhid6171f82c0bk9ym7h74c6v-ruby2.0.0-p648-aws-sigv4-1.0.2.drv
built /nix/store/bhalf2zqwajvk5hpi40pwlrzgp9wvmyj-ruby2.0.0-p648-bcrypt-3.1.10.drv
built /nix/store/pf8p3qala5pcr91ilp5f8bjyq86vq37c-ruby2.0.0-p648-bcrypt-3.1.11.drv
built /nix/store/d4g6lszlg0i2rvy024qrl4ndl3km8pvx-ruby2.0.0-p648-builder-3.2.2.drv
built /nix/store/x1dydnpijcf3pks0npkjqg3japnh6jwi-ruby2.0.0-p648-byebug-9.0.5.drv
built /nix/store/6cwmwyv6c548yr6kvmpmlszcd4ia6jki-ruby2.0.0-p648-chunky_png-1.3.3.drv
built /nix/store/86pyy8cafn8w99mbvjbj7nd4wl5xlvml-ruby2.0.0-p648-cliver-0.3.2.drv
built /nix/store/kly8y6s0pq0vpjg0i769jxjjs6dv0z2j-ruby2.0.0-p648-coderay-1.1.0.drv
built /nix/store/l0dww48fy8bhi02cvy630v811x7gr8j2-ruby2.0.0-p648-coffee-script-source-1.10.0.drv
built /nix/store/s18mh6qmc5c2bhg5qvyjph4c5si808fb-ruby2.0.0-p648-coffee-script-source-1.8.0.drv
built /nix/store/rmbi8njvwf75scm0xhajwrzgk5pq1qc5-ruby2.0.0-p648-concurrent-ruby-1.0.2.drv
built /nix/store/cg3liy70bzidgjspkc6cmg92n6a1q8z8-ruby2.0.0-p648-daemons-1.1.9.drv
built /nix/store/982pd4x6pqfinklfcx3bnxbc3blhdsk9-ruby2.0.0-p648-daemons-1.2.3.drv
built /nix/store/7najbhr10i1gcp1z1zfcrabns86ga2y8-ruby2.0.0-p648-database_cleaner-1.3.0.drv
built /nix/store/x8ln5c2k29m5ajjyn1ak92irxfppshxc-ruby2.0.0-p648-debug_inspector-0.0.2.drv
built /nix/store/585kdmqqpdw6gki57mipvmgppwnfwbkl-ruby2.0.0-p648-diff-lcs-1.2.5.drv
built /nix/store/nwq8jhy1miximczqhd6f0zsgad7jjq40-ruby2.0.0-p648-binding_of_caller-0.7.2.drv
built /nix/store/3cq786g4kriw05aixj5n0565ad001vp1-ruby2.0.0-p648-erubis-2.7.0.drv
built /nix/store/brcciv0n0xbwzsqdhs9pdgfin0rhggiw-ruby2.0.0-p648-eventmachine-1.0.3.drv
built /nix/store/r8ivpcpm1axxld23ks9akc4m2agylqjx-ruby2.0.0-p648-eventmachine-1.2.0.1.drv
built /nix/store/2239cnvmjm4f5z1ar78zbjsr9v7hgxak-ruby2.0.0-p648-execjs-2.7.0.drv
built /nix/store/pflabkr7cysp5ryzjybg2k7kqlnfb68f-ruby2.0.0-p648-extlib-0.9.16.drv
built /nix/store/98bk1rz9iybxvj0k8442srq69qa97r1h-ruby2.0.0-p648-autoprefixer-rails-6.3.7.drv
built /nix/store/xff352dns78pz1c8ky59rrpsx7k3xvkc-ruby2.0.0-p648-coffee-script-2.4.1.drv
built /nix/store/825qbgkn3zc6mjd50nxd285264saj30r-ruby2.0.0-p648-fastercsv-1.5.5.drv
built /nix/store/1nagpv467b8fcgi0kks7x6zh6k63kab3-ruby2.0.0-p648-fssm-0.2.10.drv
built /nix/store/58xzpzb1gbbsxh06bbqf1yn8lprmslr4-ruby2.0.0-p648-haml-3.1.8.drv
built /nix/store/0id5j983xdx6ywwh3bdxi6lp5sppgvxs-ruby2.0.0-p648-highline-1.6.21.drv
built /nix/store/4cpfxn4806n1bmdbg73x7jc63gm3has9-ruby2.0.0-p648-hike-1.2.3.drv
built /nix/store/dgp79nprf3pr8b7i7q1b76c5fr9a049w-ruby2.0.0-p648-hpricot-0.8.6.drv
built /nix/store/8lk1z9nyfkrgpzv2imzc9hhs4c95c42b-ruby2.0.0-p648-i18n-0.7.0.drv
built /nix/store/8xhch18lbfv2whwmlyyqjl5d22j3ha8i-ruby2.0.0-p648-ice_cube-0.11.3.drv
built /nix/store/g3ij79srnnq6assjsh5fxnxjpsqlm42v-ruby2.0.0-p648-i18n-js-2.1.2.drv
built /nix/store/p15fn56vljsqjyalaw8x6mb88sc3sh70-ruby2.0.0-p648-jmespath-1.3.1.drv
built /nix/store/jbka9v5ngarvnjc9ylsy0mk0y2hly30b-ruby2.0.0-p648-json-1.8.3.drv
built /nix/store/i3jyrp79nd6zmha9sgnrg03a3igq8y7m-ruby2.0.0-p648-aws-sdk-core-3.5.0.drv
built /nix/store/gb1s0rzppnif1ifvby3f5y2bc7kzmwpy-ruby2.0.0-p648-json-schema-2.5.0.drv
built /nix/store/rqgziqawphfkyv38ngs9mgpr6fzfw5cc-ruby2.0.0-p648-aws-sdk-marketplacemetering-1.0.0.drv
built /nix/store/62448myhgc2mygnhwkhjqxxrd3whjwpg-ruby2.0.0-p648-aws-sdk-sqs-1.3.0.drv
built /nix/store/gzm5d16csz3i98lpkvch05qszcy88m1h-ruby2.0.0-p648-json-schema-2.5.2.drv
built /nix/store/w31ki3mv8kshybjq9p4a2di1fz6glysc-ruby2.0.0-p648-json_pure-1.7.7.drv
built /nix/store/gmnj8r8hyzcr9sdjm2wa2sfdrr5hm0p7-ruby2.0.0-p648-jwt-1.5.2.drv
built /nix/store/azcr25v49zmnnahq4fxpv8ppvpn4dwl1-ruby2.0.0-p648-kgio-2.10.0.drv
built /nix/store/pga80c8hid7rl67yksw5fav4wy9n20y2-ruby2.0.0-p648-kgio-2.9.2.drv
built /nix/store/9nwqbsq0yis333s97h73kfy1piah18c6-ruby2.0.0-p648-launchy-2.4.3.drv
built /nix/store/qmsb3zkcn1yi1c6pd9brp2anrj0bvfjr-ruby2.0.0-p648-launchy-2.4.3.drv
built /nix/store/xwgqq09bjj3qp0jlq9k9qdxsrg1apf71-ruby2.0.0-p648-letter_opener-1.4.1.drv
built /nix/store/sh52j21yr9z8shhvr4in07ik318jsgm7-ruby2.0.0-p648-letter_opener-1.4.1.drv
built /nix/store/bgcq03nniwbm51b141v4r23kjs8wlk8b-ruby2.0.0-p648-libv8-3.16.14.11.drv
built /nix/store/7xc6cw7cn3jg626k3db9a6s51f4igq9p-ruby2.0.0-p648-libv8-3.16.14.15.drv
built /nix/store/hmvkr27cj1vs9di4pdspzr5k5kf5xyrz-ruby2.0.0-p648-little-plugger-1.1.4.drv
built /nix/store/pbrms3y0kdgmfj7wk3z1yhr9x73kvxb2-ruby2.0.0-p648-lockfile-2.1.3.drv
built /nix/store/j9ib6106krcpjpa1db5qga1m158dyh14-ruby2.0.0-p648-memoist-0.13.0.drv
built /nix/store/8kjjx28mni6adib4gdqdj28gqg9hr340-ruby2.0.0-p648-method_source-0.8.2.drv
built /nix/store/dbcs50lv22y0hnnz491qpabgsik0rkif-ruby2.0.0-p648-mime-types-1.25.1.drv
built /nix/store/jzycl64aa8p70glva1p9q5gsrb1l3ldl-ruby2.0.0-p648-mini_portile2-2.1.0.drv
built /nix/store/0v7pw8h3fhp8wxn349c2mgp4yvc49djm-ruby2.0.0-p648-mail-2.6.4.drv
built /nix/store/kfbvb709c4i9qjvm4nw22rpp0v18pb12-ruby2.0.0-p648-minitest-5.9.0.drv
built /nix/store/62yphpilq9r0y3vmab83z162yvd29c9d-ruby2.0.0-p648-mono_logger-1.1.0.drv
built /nix/store/2lijr2yrcag055g4jn7img7a2wgskddb-ruby2.0.0-p648-multi_json-1.12.1.drv
built /nix/store/argl8spgkfac6pc9js9b1ls11nbash0s-ruby2.0.0-p648-multi_xml-0.5.5.drv
built /nix/store/9sd1xpx0y1rsbh3df1nkwhl8qlrk2rxn-ruby2.0.0-p648-autoparse-0.3.3.drv
built /nix/store/4m3cnz696xn911qx0addsy6qcjcy2mww-ruby2.0.0-p648-email_spec-1.6.0.drv
built /nix/store/37hhg3s86lkx8wdy7xvfymih903h4pmq-ruby2.0.0-p648-execjs-1.4.1.drv
built /nix/store/f4qv3fn4k1z63y524hx630gr38xzcdjd-ruby2.0.0-p648-logging-2.0.0.drv
built /nix/store/9n8fsdif9c6n5aw75b5vlbzy772p0hma-ruby2.0.0-p648-autoprefixer-rails-3.1.2.20141016.drv
built /nix/store/nwyr96nnnvryiis3mbkmpw1ic022132f-ruby2.0.0-p648-coffee-react-2.1.0.drv
built /nix/store/nwal7zqjvk3iwnjdax5l5jykrf3mhxps-ruby2.0.0-p648-coffee-script-2.3.0.drv
built /nix/store/b7is6kfknid6nih5vsrzynj7jdpypncl-ruby2.0.0-p648-multipart-post-2.0.0.drv
built /nix/store/da66jm514gjqm4w7q0ddz5k22xz23gmb-ruby2.0.0-p648-coffee-filter-0.1.3.drv
built /nix/store/2pfcvbagjnrbq0j08gj0vfy2bi793bn9-ruby2.0.0-p648-faraday-0.9.2.drv
built /nix/store/9hkkvfa39n88nphqr84mi7v4snh7dpml-ruby2.0.0-p648-mysql2-0.4.4.drv
built /nix/store/6ri50ixrd85slv3lha7133zbm1s309sb-ruby2.0.0-p648-net-ssh-2.9.1.drv
built /nix/store/zqjjx388qgf7jdvp7npb4gnwlz2ysb6h-ruby2.0.0-p648-net-ssh-3.2.0.drv
built /nix/store/jj0mfvxbi0ixgcbf7glw13xx1qagmzry-ruby2.0.0-p648-net-scp-1.0.4.drv
built /nix/store/b47jwmzzv1y75hx61mparfjxic60xx3v-ruby2.0.0-p648-net-sftp-2.1.2.drv
built /nix/store/8y4ds93b0y36ywj8fynb2210y3k2qqda-ruby2.0.0-p648-net-ssh-gateway-1.2.0.drv
built /nix/store/bd9wzbvn8w2cpgb4hxgq5ci08lb08kpg-ruby2.0.0-p648-net-ssh-gateway-1.2.0.drv
built /nix/store/6i3xa5651p2npxq1sfifckx5cwsikyrk-ruby2.0.0-p648-net-ssh-multi-1.2.1.drv
built /nix/store/lal2q45ra9k0fza136z8zr6mmj0wgra7-ruby2.0.0-p648-capistrano-2.12.0.drv
built /nix/store/yzwpl2h61m68aqij1g7k9dqwx03shgx9-ruby2.0.0-p648-net-ssh-multi-1.2.0.drv
built /nix/store/yhhbx51pg41vz2j1fp0xb4w6myxjrajm-ruby2.0.0-p648-capistrano-ext-1.2.1.drv
built /nix/store/hwjsscl4afkmpwn79kxvdnprmy2j3bp9-ruby2.0.0-p648-oauth-0.4.7.drv
built /nix/store/41f8n4ghcc8306c323ppk94j08rqxg3s-ruby2.0.0-p648-orm_adapter-0.5.0.drv
built /nix/store/is88hry02dd8lci1c8rbi1937p10w04g-ruby2.0.0-p648-pg-0.18.4.drv
built /nix/store/0iqzry1mm00wmdg0x3ywscp78spzpx1q-ruby2.0.0-p648-pkg-config-1.1.7.drv
built /nix/store/cdp9nls8s4c8zn7dx8j5byyrbnm33nkp-ruby2.0.0-p648-rack-1.6.4.drv
built /nix/store/2a6gxcalcazvzb5swwr1pryxsmsdfqq8-ruby2.0.0-p648-nokogiri-1.6.8.drv
built /nix/store/cmpf3njzwc7kqgb2pk0zh7wdlpw7iwvs-ruby2.0.0-p648-oauth2-1.0.0.drv
built /nix/store/wqrbywhlhqp5x64cyb16ayc1n1nhsi2f-ruby2.0.0-p648-aws-sdk-v1-1.66.0.drv
built /nix/store/2s4rhhcv46413h28aq5p243im22ci5zs-ruby2.0.0-p648-loofah-2.0.3.drv
built /nix/store/j9178i8k7hvsbf0w0c9jp5ak8m508di7-ruby2.0.0-p648-aws-sdk-1.66.0.drv
built /nix/store/z4xh5y6v0aqv4lgyckzfhakqy1d9lj30-ruby2.0.0-p648-rack-protection-1.5.3.drv
built /nix/store/crbln6f4ic33rlqlw52flyqm53zwfl2d-ruby2.0.0-p648-rack-test-0.6.3.drv
built /nix/store/iyb5x58b94krpi0nj7hhpq2l0q4z553k-ruby2.0.0-p648-rails-html-sanitizer-1.0.3.drv
built /nix/store/8s0kfj7m0q48rlp1vmp6cmbs9zmavhai-ruby2.0.0-p648-rainbow-2.0.0.drv
built /nix/store/h0hk1d6szmirhy2rzfxli9cv7qncjl5r-ruby2.0.0-p648-raindrops-0.13.0.drv
built /nix/store/jlxwd97w6dy79abr5y14gdgrlk81krl5-ruby2.0.0-p648-raindrops-0.16.0.drv
built /nix/store/p37ky31v4v2px9zn06d1qzsk50ixpwcz-ruby2.0.0-p648-rake-10.1.1.drv
built /nix/store/7ilfrllk2b8krsqw7dqnblki9byxahwv-ruby2.0.0-p648-rake-11.2.2.drv
built /nix/store/kggyldsk3dnrg5sl36xa5a6fj349r946-ruby2.0.0-p648-rdoc-4.1.2.drv
built /nix/store/zagliffdww11j2lj3ip8x428pnx7y3xx-ruby2.0.0-p648-rdoc-4.2.2.drv
built /nix/store/j42jcl9fqlnwwgrydpy83xyz5wm7fbgj-ruby2.0.0-p648-react-source-0.12.2.drv
built /nix/store/wxh87cj5hnfn7nnfjfbzndx2kdd112xp-ruby2.0.0-p648-redis-3.1.0.drv
built /nix/store/hfqq9gzpdr39kfaj1qfdirrnnc64iclw-ruby2.0.0-p648-ref-2.0.0.drv
built /nix/store/yzf9zgf4wg2a3dwxa06f6shl7bgaz56h-ruby2.0.0-p648-redis-namespace-1.5.1.drv
built /nix/store/87f0h18zd3jhgp9fjp8gd0fmjywfcjfb-ruby2.0.0-p648-rest-client-1.6.8.drv
built /nix/store/3vww5kfy706jwlb1h06zg8sff3h4xkbb-ruby2.0.0-p648-rest-client-1.6.9.drv
built /nix/store/d7xc1dzlq205i4qbmc41k1pka7hla6vy-ruby2.0.0-p648-retriable-1.4.1.drv
built /nix/store/nl4fqp2vbj7vwvfg14szhccmw0nd90ca-ruby2.0.0-p648-right_http_connection-1.5.0.drv
built /nix/store/gby7fpad5fmsla0d7qy9pv38vdgxvqd4-ruby2.0.0-p648-rollbar-2.18.0.drv
built /nix/store/9giiz1a7s2bzf8njs1499bdsg01yxkh2-ruby2.0.0-p648-right_aws-3.0.5.drv
built /nix/store/r9zs0jyqpl0myckzzm3xgn4myxn871nx-ruby2.0.0-p648-rollbar-2.18.2.drv
built /nix/store/3fv2qxyh3m336rpqcbd7s9aqzks2zpf1-ruby2.0.0-p648-rr-1.0.5.drv
built /nix/store/irvj7qby4jj3r58pl4v1pyjy6p699h89-ruby2.0.0-p648-rspec-support-3.2.2.drv
built /nix/store/3122kfyxyvja0bdj4l27hrc8q0f6v1n5-ruby2.0.0-p648-rspec-support-3.5.0.drv
built /nix/store/5a6qjylqnki547dgyh5xkrmzqjksv0qz-ruby2.0.0-p648-rspec-core-3.2.3.drv
built /nix/store/z6flqsf73gqzz8rbmkaq71jn2vnz043r-ruby2.0.0-p648-rspec-core-3.5.2.drv
built /nix/store/93yap6f2yfyymww2nsn5mzgvvl9in37v-ruby2.0.0-p648-rspec-expectations-3.2.1.drv
built /nix/store/4mfj8f64wpz5b9lvg3cb19x2rrcqxyv3-ruby2.0.0-p648-rspec-expectations-3.5.0.drv
built /nix/store/vh48m9j3b7axdjcwpib1h9qaihrlcmih-ruby2.0.0-p648-rspec-mocks-3.2.1.drv
built /nix/store/4bihdf7d7b40hzskhpld4qxnkyigwi42-ruby2.0.0-p648-rspec-mocks-3.5.0.drv
built /nix/store/r6i2621pgl1iagz984kwv7rwjp0f52z4-ruby2.0.0-p648-rspec-retry-0.4.4.drv
built /nix/store/j623zp3msj7kjwvssql0zq7zb027mmh1-ruby2.0.0-p648-rspec_junit_formatter-0.4.1.drv
built /nix/store/z7zdmfhxip36f2g5771m462ggqng7l48-ruby2.0.0-p648-ruby-ole-1.2.11.7.drv
built /nix/store/qxb29dpx8z1gnw3ac04nk5742gf979a6-ruby2.0.0-p648-sass-3.2.19.drv
built /nix/store/l4742bbqs2lmpc2wwn1akfmdn3q7drb7-ruby2.0.0-p648-sass-3.4.22.drv
built /nix/store/iranz81xqlb705lmlkgd6cshpzl6dcvd-ruby2.0.0-p648-bootstrap-sass-3.3.0.1.drv
built /nix/store/8wsck2775jp20g2qq7r0rdhkz7i8k2bf-ruby2.0.0-p648-bootstrap-sass-3.3.6.drv
built /nix/store/r1scjn7n8jvggs1jda9xm1vm5fsdhf74-ruby2.0.0-p648-compass-0.12.7.drv
built /nix/store/3nv708axb8jwdja4inca2lh8bby2z0k4-ruby2.0.0-p648-font-awesome-sass-4.2.2.drv
built /nix/store/gbdb5nw2acnax1mvmprx1hhq40lc03yw-ruby2.0.0-p648-slop-3.6.0.drv
built /nix/store/5mb0s23f56qkz81y0w0a9r2h4r50fag8-ruby2.0.0-p648-state_machine-1.2.0.drv
built /nix/store/r8l93qwfkmm3wszkiaxkj529ivs8yhnz-ruby2.0.0-p648-parser-2.0.0.beta5.drv
built /nix/store/a6m5w9vvl79xp6b9gsyf4dq2s6v7q4dz-ruby2.0.0-p648-pry-0.10.1.drv
built /nix/store/1ihglfjcd9n07dqm7k1s53rjjmz1k0i3-ruby2.0.0-p648-rubocop-0.8.3.drv
built /nix/store/bphf1jmjp747hc66nfpwlf1fq5ibpy4n-ruby2.0.0-p648-pry-rails-0.2.2.drv
built /nix/store/b22dpsnh2lx1ah0fvyzcdl988mr1wc0d-ruby2.0.0-p648-thin-1.5.1.drv
built /nix/store/d48g4111h98ifsqp8l52715nyym2a9hd-ruby2.0.0-p648-thin-1.5.1.drv
built /nix/store/imxf5fkda2zj0ld5p4fvs538hgl1qi90-ruby2.0.0-p648-thor-0.19.1.drv
built /nix/store/7mzdwv1ffasr4wn3bdn3ihd4d2v757rr-ruby2.0.0-p648-thread_safe-0.3.5.drv
built /nix/store/b2983ypnds39dva6lvxrhk2rb2azvmvk-ruby2.0.0-p648-figaro-1.1.1.drv
built /nix/store/5779dpf1rhzm25rjzpmq2a4cpacckscy-ruby2.0.0-p648-tilt-1.4.1.drv
built /nix/store/wpmy8mq23knmzcmqs6sqd9igdfd7r1lb-ruby2.0.0-p648-tilt-2.0.5.drv
built /nix/store/mx0i52jhwb0951f17dmhhr5ilyg9955g-ruby2.0.0-p648-sinatra-1.4.5.drv
built /nix/store/2mx9nlzq7fi0q693b4j6wmzn5082jvm4-ruby2.0.0-p648-tzinfo-1.2.2.drv
built /nix/store/70imyh2rfnwhalljw89ygvyz0g4lr4lp-ruby2.0.0-p648-uuidtools-2.1.5.drv
built /nix/store/094lzhzj41l5zy07yf5ry59srxy3n7qw-ruby2.0.0-p648-activesupport-4.2.7.drv
built /nix/store/0qgf9sv73fmvnr96bs5j9avfmi77r572-ruby2.0.0-p648-aws-sdk-1.30.1.drv
built /nix/store/9i5541alhidm73figfc8p75gzqwchzam-ruby2.0.0-p648-activemodel-4.2.7.drv
built /nix/store/akr6lxg2vf78wwr16nbd3i26i4mb9khh-ruby2.0.0-p648-clockwork-1.1.0.drv
built /nix/store/nb92rq9gz5qga5klm9gvgl8swyigl19v-ruby2.0.0-p648-activerecord-4.2.7.drv
built /nix/store/bx0wczjwglpq0mslk3v62rigr7gk77im-ruby2.0.0-p648-date_validator-0.7.1.drv
built /nix/store/czy0vgi7vc616kp2dzar4i9akf19ghcp-ruby2.0.0-p648-delayed_job-4.0.6.drv
built /nix/store/4q9ky3fg2n5kl5b8cnj375qncclxjn20-ruby2.0.0-p648-factory_girl-4.5.0.drv
built /nix/store/g8f4ggfrbij5f64jgci66gpm1912bgng-ruby2.0.0-p648-delayed_job_active_record-4.0.3.drv
built /nix/store/h7hbqzmvcfcnlzdxxqsjm9sxpfb0bfmj-ruby2.0.0-p648-globalid-0.3.6.drv
built /nix/store/r07x3i7fg7fmhqiai1qs7lldg0041szg-ruby2.0.0-p648-globalid-0.3.7.drv
built /nix/store/0zd8n186dggwjxlr4v2p1rprqxagj7jh-ruby2.0.0-p648-activejob-4.2.7.drv
built /nix/store/iz4dlnixmmyzciazds3rkzw5a4ar5db0-ruby2.0.0-p648-activejob-4.2.7.drv
built /nix/store/wgjfscy2khms3lzj8zy9lv9rikxbqryg-ruby2.0.0-p648-jbuilder-2.0.8.drv
built /nix/store/ksijkcz25ig53adxjvvfqpkqx9zp4as2-ruby2.0.0-p648-jbuilder-2.5.0.drv
built /nix/store/gwg29xxv3vnrii9ck48lgjckp57pag2m-ruby2.0.0-p648-rails-deprecated_sanitizer-1.0.3.drv
built /nix/store/r0ylp248lvwskvalc7qwb4pppjq73pmf-ruby2.0.0-p648-shoulda-matchers-2.8.0.drv
built /nix/store/ykyd9c8pshy5lww055axwhrf2k9iwmrs-ruby2.0.0-p648-rails-dom-testing-1.0.7.drv
built /nix/store/c11sh3x9480mi8yiic4260am6jhdxqxm-ruby2.0.0-p648-warden-1.2.3.drv
built /nix/store/62vk05yg0zbmxqsl0y2gva5bzi4ddn69-ruby2.0.0-p648-actionview-4.2.7.drv
built /nix/store/fxlzzqps4w6k857np6v283zi74xfapzf-ruby2.0.0-p648-warden-1.2.6.drv
built /nix/store/h0dd592ch9z1chc2c2137lyd94318i2m-ruby2.0.0-p648-actionpack-4.2.7.drv
built /nix/store/i9s4brqsvmvvfx5d0rdr6z95f62k6bsf-ruby2.0.0-p648-websocket-extensions-0.1.2.drv
built /nix/store/9ck1x4j7sxzzpyc9nbml2k5g2pch2f1s-ruby2.0.0-p648-actionmailer-4.2.7.drv
built /nix/store/is5jc0pd3s317m750l1cm024iw43v5nk-ruby2.0.0-p648-kaminari-0.16.3.drv
built /nix/store/ypmi8bbqyhmv7c6whj09d3g5wzq3dnwq-ruby2.0.0-p648-railties-4.2.7.drv
built /nix/store/v37nf7g5z1c6cf76lp9brglg3fwwls4q-ruby2.0.0-p648-xpath-2.0.0.drv
built /nix/store/00ylya4kzn4plf9assnh8r8kyjbkzx1i-ruby2.0.0-p648-actionmailer-4.2.7.drv
built /nix/store/ldh4j515isk5hbyrliafrp4mgrsfny7n-ruby2.0.0-p648-capybara-2.5.0.drv
built /nix/store/jqawwvn95pnhjyda50qfbr6j9l1vh2mj-ruby2.0.0-p648-coffee-rails-4.1.1.drv
built /nix/store/wa4l35bqbwisjrp9s1b45h0f5b1yqnk3-ruby2.0.0-p648-exception_notification-2.6.1.drv
built /nix/store/a65rmlr6dg36ygd97m01qfn9ni0ynxp1-ruby2.0.0-p648-factory_girl_rails-4.5.0.drv
built /nix/store/yimmac2vb3bb6bjdhnan43dln34z36by-ruby2.0.0-p648-jquery-rails-4.1.1.drv
built /nix/store/ybvadnnvvfcmjqnc85bnlj2w92kf0acg-ruby2.0.0-p648-kaminari-0.16.1.drv
built /nix/store/x0n2l117k61h6ycpvbsxrpb39jbrvggd-ruby2.0.0-p648-railties-4.2.7.drv
built /nix/store/jmj0dvnzyrr6600ix2p87a6qs6lhmjw6-ruby2.0.0-p648-responders-2.2.0.drv
built /nix/store/92alhw8sf0dbyp2kcaav0dbf01j5i554-ruby2.0.0-p648-best_in_place-3.0.0.alpha.drv
built /nix/store/88kh4876aws7c8lz23drhawwln46fvq6-ruby2.0.0-p648-codemirror-rails-4.8.drv
built /nix/store/rk3j2c9f2q2gli1jdh3b1wxbwwj6sz01-ruby2.0.0-p648-coffee-rails-4.1.0.drv
built /nix/store/1adc7c5j2v8488zinvh5f8yjjvriiaqx-ruby2.0.0-p648-detect_timezone_rails-0.0.5.drv
built /nix/store/5435vgaji9as6y7h44am28652w7mkvb9-ruby2.0.0-p648-devise-3.4.1.drv
built /nix/store/mln3whb28s3qbsqvx5cr754q4ikvg3ch-ruby2.0.0-p648-factory_girl_rails-4.5.0.drv
built /nix/store/a2famqfmg24wqhcgnm6cxwk2b9n4paii-ruby2.0.0-p648-haml-rails-0.5.3.drv
built /nix/store/4akd7vhi028g9vh6fws61p4dag1hqqrn-ruby2.0.0-p648-jquery-rails-2.0.3.drv
built /nix/store/rj4rkr62w855f9q6da5ynjni4pxm4vm9-ruby2.0.0-p648-quiet_assets-1.0.3.drv
built /nix/store/pwhlsx0py75kl9kp1iab05h4w9li7drb-ruby2.0.0-p648-jquery-cookie-rails-0.1.1.drv
built /nix/store/z6gf72gzwx4hl2ncpxcvnljdl3c9x88m-ruby2.0.0-p648-jquery-datatables-rails-1.12.2.drv
built /nix/store/q9c2sjw006jdpzlwfhzls94hr3gyxdff-ruby2.0.0-p648-responders-2.1.0.drv
built /nix/store/j7a37srw862xx0mcx4m6v0ds5n03zm04-ruby2.0.0-p648-rspec-rails-3.2.3.drv
built /nix/store/81c5ks0i96xpy2qrifxnwyi3mywc25bk-ruby2.0.0-p648-devise-3.4.1.drv
built /nix/store/6d5rn391f993iln559bjwmrw62bgi11z-ruby2.0.0-p648-rspec-rails-3.5.1.drv
built /nix/store/zmac2ls5nis8s4wl38pgn7fwvbmfgx8s-ruby2ruby-2.0.3.gem.drv
built /nix/store/jsn2klcc9nmii86wf0763f72c7402k8z-ruby_parser-3.1.3.gem.drv
built /nix/store/i60f0lm8vxc322ncfdz4fj6s0vz8xf7p-rvm-capistrano-1.2.7.gem.drv
built /nix/store/qm67wnmg58v9184wqwvkwnjxz0rnl021-sass-rails-4.0.4.gem.drv
built /nix/store/nz1pby5q9cdvzsyasiwfv06s9ncvbf4w-ruby2.0.0-p648-rvm-capistrano-1.2.7.drv
built /nix/store/3i0p3wjz4v1yfmzfdkgjvqa4k2n4ikjm-sass-rails-5.0.5.gem.drv
built /nix/store/nf448haklpbxbsw86bgk9913jifghg9a-sdoc-0.4.1.gem.drv
built /nix/store/3g8z878ss12jkkha4ymnp7m81p47mavs-sexp_processor-4.4.4.gem.drv
built /nix/store/vz6z2bd6x0xr2asw03awk5zr048xqafi-ruby2.0.0-p648-sdoc-0.4.1.drv
built /nix/store/aydgswjgqq8rygd5jms6w4nxara64d3p-ruby2.0.0-p648-sexp_processor-4.4.4.drv
built /nix/store/wgyvhnap8wrirbk85s6grv5dpcyb9c9r-shoulda-matchers-2.7.0.gem.drv
built /nix/store/7gx6yr0mg1xn5f9npzlzivyca4sc8fwx-ruby2.0.0-p648-ruby_parser-3.1.3.drv
built /nix/store/pp6xj3ml0snyn4jiakivmm3d3xzyp07m-ruby2.0.0-p648-shoulda-matchers-2.7.0.drv
built /nix/store/dfcgjy0fla5x1fwgi4gd94lv7rqw30qa-ruby2.0.0-p648-ruby2ruby-2.0.3.drv
built /nix/store/xzz1xy1zwqa4wh6lhfin26vk6vm2qsdb-show_me_the_cookies-2.1.0.gem.drv
built /nix/store/z01b5xq57qn30dh2j7fw8anyviz3s26r-signet-0.6.1.gem.drv
built /nix/store/prjc8hc8cz4dv3cchqfzi3dpnz0q14z3-ruby2.0.0-p648-show_me_the_cookies-2.1.0.drv
built /nix/store/y76k0bvs31xk61lpyzm1jzicjrvpkpb1-ruby2.0.0-p648-signet-0.6.1.drv
built /nix/store/8zs8y5mxkdw2s05sqhs8ydl6gl92f298-simplecov-0.7.1.gem.drv
built /nix/store/7vswv8w2jj1n7c7p981x322cb4vhk021-ruby2.0.0-p648-googleauth-0.4.2.drv
built /nix/store/lffc9k9vhn1wbh368ykkdnhwjnxkf8x4-simplecov-html-0.7.1.gem.drv
built /nix/store/wsvq3h164xzlw5nn57pmhxh2l7h4cpkr-ruby2.0.0-p648-google-api-client-0.8.6.drv
built /nix/store/di1z8fiz6chlq7b1v55mz53b64vqypgf-ruby2.0.0-p648-simplecov-html-0.7.1.drv
built /nix/store/rmrzbjd5jn90wqszy18kb7g8w4n29nin-ruby2.0.0-p648-google_drive-1.0.4.drv
built /nix/store/fvs3272v98fma8skcp1md185wpvxn5zn-ruby2.0.0-p648-simplecov-0.7.1.drv
built /nix/store/6fkv157wv4ffid7za274gp6z9rvd1ij1-simplecov-rcov-0.2.3.gem.drv
built /nix/store/gfvfqbrh3ws088ilsdw9f3kkdp8gwbpy-slack-notifier-0.5.0.gem.drv
built /nix/store/vlz0imygr0lsc8bnpd8r5pcdc1zyfywp-ruby2.0.0-p648-simplecov-rcov-0.2.3.drv
built /nix/store/40n2hdjh4qv3mb32cg3p817cn3qsqyp0-ruby2.0.0-p648-slack-notifier-0.5.0.drv
built /nix/store/jplnphvbkg0grh64s4lrn5cxpyidzd0g-slim-1.3.9.gem.drv
built /nix/store/0ii6nwhi0j0s4b4jcp3l4wdafk8vcffr-spinjs-rails-1.4.gem.drv
built /nix/store/grqvpjmfspj0jw2gzac18f3ak27vsgcd-spreadsheet-0.7.9.gem.drv
built /nix/store/qih3p225shfpdf7c0lc7wqz77nj9zi98-spring-1.3.6.gem.drv
built /nix/store/s9ldrxw65wg0xwzpjpbq2rwjwc0089rb-ruby2.0.0-p648-spreadsheet-0.7.9.drv
built /nix/store/hpp1mpkqrwv3cl0pjh0mlwxm98a8pc1n-ruby2.0.0-p648-spring-1.3.6.drv
built /nix/store/j3zwb8nrj4q9fggijqh4k5nzihhdvs1f-sprockets-2.11.3.gem.drv
built /nix/store/f5w1j0333pyfn2pcjz3gijapy1zg838q-ruby2.0.0-p648-spring-commands-rspec-1.0.4.drv
built /nix/store/i2qnfbr9z4091hrm6lgjywq9fcx32cgx-ruby2.0.0-p648-sprockets-2.11.3.drv
built /nix/store/ifq7pfqfi7g00zrjqsgkgvs6vw11ldqc-sprockets-3.6.3.gem.drv
built /nix/store/ymv4z8llfyqg3rrkambd762vfva4n3y3-sprockets-coffee-react-2.1.0.gem.drv
built /nix/store/fnxh0viyamfxx1553xxdr5hjq4272fqa-ruby2.0.0-p648-sprockets-3.6.3.drv
built /nix/store/zf8yp4cc6fgvidvm12qidj0zjw83cq2j-ruby2.0.0-p648-sprockets-coffee-react-2.1.0.drv
built /nix/store/9vd5y0ykn0a91a5gr3qwhxhva7lj7swc-ruby2.0.0-p648-sprockets-rails-3.1.1.drv
built /nix/store/d1xib5qffp7mc7cd4xpy4rsr782dnipa-sprockets-rails-2.3.3.gem.drv
built /nix/store/w0azxg0cbdri14rcbvwslaamvskil6i3-ruby2.0.0-p648-rails-4.2.7.drv
built /nix/store/4pshwldr9bjn94vw5zi5d5jh05kmqzpa-ruby2.0.0-p648-sass-rails-5.0.5.drv
built /nix/store/l25cx89832i3sz6rjjc39g26ffdvd7pq-ruby2.0.0-p648-sprockets-rails-2.3.3.drv
built /nix/store/smgqkmw60l7rd1pydp8l08zb67j6khc9-state_machines-0.2.2.gem.drv
built /nix/store/r43m71akqyb8vq3kxadw15jdq395v1lv-ruby2.0.0-p648-rails-4.2.7.drv
built /nix/store/pvavfk3cih4pwvbmpf05arn1m0kwqqqp-ruby2.0.0-p648-sass-rails-4.0.4.drv
built /nix/store/c66bwm6qvlpivr708g9da34fp3ybmbcn-ruby2.0.0-p648-figaro-0.7.0.drv
built /nix/store/gb6gzj0p63jdd6jj29v0n9fcsyix2qhi-ruby2.0.0-p648-react-rails-0.12.2.0.drv
built /nix/store/2kjfjav7skdw9vqwn6gmh7g8i8n6ckvz-ruby2.0.0-p648-spinjs-rails-1.4.drv
built /nix/store/iivin1synbpqcx9mhq3ax575m2yrwa9l-ruby2.0.0-p648-state_machines-0.2.2.drv
built /nix/store/pyk657z30rx025j42bix60frv6kwbp3p-state_machines-activemodel-0.1.2.gem.drv
built /nix/store/zhaz59qi4dbnc39p2n6j89b6n304za1r-state_machines-activerecord-0.2.0.gem.drv
built /nix/store/930pzln115i12lc2a24q0m0jbbmj5hk1-ruby2.0.0-p648-state_machines-activemodel-0.1.2.drv
built /nix/store/2v8h4jp6i35qdk1v3djqphqn70x7rww5-stripe-1.25.0.gem.drv
built /nix/store/zz0wamlzgifkxcix6in0w5s8i64jn8w3-ruby2.0.0-p648-state_machines-activerecord-0.2.0.drv
built /nix/store/jk3k42spjn7sd7ll8ilk0a3yz5f8vg1k-ruby2.0.0-p648-stripe-1.25.0.drv
built /nix/store/pdsd8brlwf9xyfps4ij20smaikvii14g-temple-0.6.10.gem.drv
built /nix/store/lw93snmzb4s9b36iib329zyqlmdzfy8c-terminal-table-1.4.5.gem.drv
built /nix/store/bd30f45m0fczqh3m5iwgnkjkwqgbqhqg-ruby2.0.0-p648-temple-0.6.10.drv
built /nix/store/ssqi58bl453hjwhwf30bvf9zfs6f6b2l-ruby2.0.0-p648-terminal-table-1.4.5.drv
built /nix/store/8qz2glvz9pjavm1ljk01l239x4hrz83n-ruby2.0.0-p648-slim-1.3.9.drv
built /nix/store/8q1r3nw32j1pl8m0y4yk44xj7k3s6w5a-therubyracer-0.12.2.gem.drv
built /nix/store/i0p5cqakxim3gdjz613g4579ix0yw9mb-ruby2.0.0-p648-brakeman-1.9.5.drv
built /nix/store/2yq1i62ikypx0x3y3libb6kjhighfana-ruby2.0.0-p648-therubyracer-0.12.2.drv
built /nix/store/w05c4x5ax8qcgik0wyjax6f7cp18mri5-ruby2.0.0-p648-therubyracer-0.12.2.drv
built /nix/store/83lnwkk35phcq0k7z9375m3r3ylq2z24-thrift-0.9.2.0.gem.drv
built /nix/store/xpz794yw91qsfbzgb4f8v92vwc7fn6ac-timecop-0.6.3.gem.drv
built /nix/store/sf54bmvf55ja8nrczziva3s4ykzg0q9b-ruby2.0.0-p648-thrift-0.9.2.0.drv
built /nix/store/2xipl7g5cpflf2ny4w6ypy4hd61g9zjj-ruby2.0.0-p648-timecop-0.6.3.drv
built /nix/store/vykkp3wyqlmxsil67iijz8k42wksfgcz-ruby2.0.0-p648-rbhive-0.2.8.drv
built /nix/store/0sjx3vvccjsyxk0r1ij8g156gnfz6w58-uglifier-2.5.3.gem.drv
built /nix/store/500lxrdwinb00fc8cyz65filpmjr2rl6-uglifier-3.0.0.gem.drv
built /nix/store/7gv37dqsif288q7sfw0kz36kvcqa805x-ruby2.0.0-p648-uglifier-2.5.3.drv
built /nix/store/x1pr9b5qmym7him4bl29i9kbib1gbbsr-ruby2.0.0-p648-uglifier-3.0.0.drv
built /nix/store/59h4bb9wnqw4pip6ssylrd4aziwvj7si-unicorn-4.7.0.gem.drv
built /nix/store/2blqr9az5bhl84b952d6kybx7ia3dh15-vegas-0.1.11.gem.drv
built /nix/store/0jailim4zyl15vbb6bl9f7l021a0kn5y-ruby2.0.0-p648-unicorn-4.7.0.drv
built /nix/store/45h8r9yaclpmcmn23lbncysmxkwcqr8n-ruby2.0.0-p648-vegas-0.1.11.drv
built /nix/store/ysy7rzvwixd2xpj42sz16kid4hx5c23h-bundled-env.drv
built /nix/store/j2cz24y9lvb78qcl3bxcxjammsdzihs6-ruby2.0.0-p648-resque-1.25.2.drv
built /nix/store/z1hc3m62dmgqqgnx9bj3cbrhzd9s3gm6-ruby2.0.0-p648-unicorn-4.7.0.drv
built /nix/store/bhx1aj7hlnmxmwqjb5s15z1q6j411i1w-vestal_versions-ef4334c.drv
built /nix/store/cc59r7jijy7603g1dsi980gjdbzj0rwf-web-console-2.1.3.gem.drv
built /nix/store/h08cwhwy65jwxrvxgyzjklllcl4kxv1r-ruby2.0.0-p648-vestal_versions-1.2.2.drv
built /nix/store/yx576677h8136g0c94zggylcb59pb647-ruby2.0.0-p648-web-console-2.1.3.drv
built /nix/store/997fdqrzc25nazxvddys77sjsxpi47wm-websocket-driver-0.6.2.gem.drv
built /nix/store/nv7xb0kvlmkba8ay5d8gx5fr2vkrdhc3-wrapped-ruby-bundled-env.drv
built /nix/store/ihyg8dkavibkgsnm98jmlh54qh2g8hrl-ruby2.0.0-p648-websocket-driver-0.6.2.drv
built /nix/store/zp858dzwhrnj6rb66vj08yn3w67visdz-ruby2.0.0-p648-poltergeist-1.7.0.drv
built /nix/store/z3zja0dy9fx7a2gbs3zz8iykq6jfmp0s-bundled-env.drv
built /nix/store/r1za91qsfrhqq0vyiwrrah05w5m07dp1-wrapped-ruby-bundled-env.drv
